============================= test session starts =============================
platform win32 -- Python 3.11.9, pytest-7.2.2, pluggy-1.5.0 -- C:\Users\rob_m\Desktop\cryptobot\venv\Scripts\python.exe
cachedir: .pytest_cache
rootdir: C:\Users\rob_m\Desktop\cryptobot\tests, configfile: pytest.ini
plugins: dash-2.9.1, cov-4.0.0
collecting ... collected 7 items

tests\test_breakout_reset.py::test_parameter_validation PASSED           [ 14%]
tests\test_breakout_reset.py::test_exit_conditions FAILED                [ 28%]
tests\test_breakout_reset.py::test_entry_signals FAILED                  [ 42%]
tests\test_breakout_reset.py::test_volatility_calculation FAILED         [ 57%]
tests\test_breakout_reset.py::test_get_parameters FAILED                 [ 71%]
tests\test_breakout_reset.py::test_short_position_entries FAILED         [ 85%]
tests\test_breakout_reset.py::test_take_profit_exits FAILED              [100%]

================================== FAILURES ===================================
____________________________ test_exit_conditions _____________________________

mock_interface = <utils.exchange_interface.MockExchangeInterface object at 0x0000016A7A771F10>
symbol = 'TEST/SYMBOL'

    def test_exit_conditions(mock_interface, symbol):
        # Create sufficient test data
        test_data = pd.DataFrame({'close': [100]*10 + [105, 104, 103, 102, 101, 100, 99, 98, 97, 96]})
    
        # Test reset threshold exit (long) - Requires generate_signals to be run
        # Note: generate_signals logic might need adjustment or separate testing
        # depending on how it's intended to be used (backtesting vs live)
>       strategy = BreakoutResetStrategy(
            symbol=symbol,
            exchange_interface=mock_interface,
            lookback_period=5,
            volatility_multiplier=0.5,
            reset_threshold=0.05,
            # position_duration=100 # position_duration is not a param of BreakoutResetStrategy
        )

tests\test_breakout_reset.py:56: 
_ _ _ _ _ _ _ _ _ _ _ _ _ _ _ _ _ _ _ _ _ _ _ _ _ _ _ _ _ _ _ _ _ _ _ _ _ _ _ _
strategies\breakout_reset.py:14: in __init__
    self.validate_parameters(params)
_ _ _ _ _ _ _ _ _ _ _ _ _ _ _ _ _ _ _ _ _ _ _ _ _ _ _ _ _ _ _ _ _ _ _ _ _ _ _ _

params = {'lookback_period': 5, 'reset_threshold': 0.05, 'volatility_multiplier': 0.5}

    @staticmethod
    def validate_parameters(params: dict) -> None:
        """Validate parameters specific to BreakoutResetStrategy."""
        required_numeric = {
            'lookback_period': int,
            'volatility_multiplier': float,
            'reset_threshold': float,
            'position_size_pct': float
        }
        optional_numeric = {
            'take_profit': float,
            'stop_loss': float
        }
    
        for param, expected_type in required_numeric.items():
            if param not in params:
>               raise ValueError(f"Missing required parameter: {param}")
E               ValueError: Missing required parameter: position_size_pct

strategies\breakout_reset.py:46: ValueError
---------------------------- Captured stderr setup ----------------------------
2025-04-27 23:20:08,519 - utils.exchange_interface - INFO - Initialized ExchangeInterface for Live environment.
----------------------------- Captured log setup ------------------------------
INFO     utils.exchange_interface:exchange_interface.py:16 Initialized ExchangeInterface for Live environment.
---------------------------- Captured log teardown ----------------------------
INFO     utils.realtime_data_handler:realtime_data_handler.py:30 Connected to binance WebSocket for BTCUSDT
_____________________________ test_entry_signals ______________________________

mock_interface = <utils.exchange_interface.MockExchangeInterface object at 0x0000016A7A85EE90>
symbol = 'TEST/SYMBOL'

    def test_entry_signals(mock_interface, symbol):
        """Test breakout entry signal generation"""
        # Create test data with breakout pattern
        test_data = pd.DataFrame({
            'close': [100]*10 + [105, 106, 107, 108]  # Breakout above range
        })
    
>       strategy = BreakoutResetStrategy(
            symbol=symbol,
            exchange_interface=mock_interface,
            lookback_period=5,
            volatility_multiplier=1.0,
            reset_threshold=0.5
        )

tests\test_breakout_reset.py:79: 
_ _ _ _ _ _ _ _ _ _ _ _ _ _ _ _ _ _ _ _ _ _ _ _ _ _ _ _ _ _ _ _ _ _ _ _ _ _ _ _
strategies\breakout_reset.py:14: in __init__
    self.validate_parameters(params)
_ _ _ _ _ _ _ _ _ _ _ _ _ _ _ _ _ _ _ _ _ _ _ _ _ _ _ _ _ _ _ _ _ _ _ _ _ _ _ _

params = {'lookback_period': 5, 'reset_threshold': 0.5, 'volatility_multiplier': 1.0}

    @staticmethod
    def validate_parameters(params: dict) -> None:
        """Validate parameters specific to BreakoutResetStrategy."""
        required_numeric = {
            'lookback_period': int,
            'volatility_multiplier': float,
            'reset_threshold': float,
            'position_size_pct': float
        }
        optional_numeric = {
            'take_profit': float,
            'stop_loss': float
        }
    
        for param, expected_type in required_numeric.items():
            if param not in params:
>               raise ValueError(f"Missing required parameter: {param}")
E               ValueError: Missing required parameter: position_size_pct

strategies\breakout_reset.py:46: ValueError
---------------------------- Captured stderr setup ----------------------------
2025-04-27 23:20:09,394 - utils.exchange_interface - INFO - Initialized ExchangeInterface for Live environment.
----------------------------- Captured log setup ------------------------------
INFO     utils.exchange_interface:exchange_interface.py:16 Initialized ExchangeInterface for Live environment.
_________________________ test_volatility_calculation _________________________

mock_interface = <utils.exchange_interface.MockExchangeInterface object at 0x0000016A7A8563D0>
symbol = 'TEST/SYMBOL'

    def test_volatility_calculation(mock_interface, symbol):
        """Test volatility band calculations (via _calculate_bands helper)"""
        np.random.seed(42)
        closes = np.cumsum(np.random.randn(20)) + 100
        timestamps = pd.date_range(start='2023-01-01', periods=20, freq='1min')
        test_data = pd.DataFrame({'close': closes}, index=timestamps)
    
>       strategy = BreakoutResetStrategy(
            symbol=symbol,
            exchange_interface=mock_interface,
            lookback_period=10,
            volatility_multiplier=2.0,
            reset_threshold=0.5
        )

tests\test_breakout_reset.py:99: 
_ _ _ _ _ _ _ _ _ _ _ _ _ _ _ _ _ _ _ _ _ _ _ _ _ _ _ _ _ _ _ _ _ _ _ _ _ _ _ _
strategies\breakout_reset.py:14: in __init__
    self.validate_parameters(params)
_ _ _ _ _ _ _ _ _ _ _ _ _ _ _ _ _ _ _ _ _ _ _ _ _ _ _ _ _ _ _ _ _ _ _ _ _ _ _ _

params = {'lookback_period': 10, 'reset_threshold': 0.5, 'volatility_multiplier': 2.0}

    @staticmethod
    def validate_parameters(params: dict) -> None:
        """Validate parameters specific to BreakoutResetStrategy."""
        required_numeric = {
            'lookback_period': int,
            'volatility_multiplier': float,
            'reset_threshold': float,
            'position_size_pct': float
        }
        optional_numeric = {
            'take_profit': float,
            'stop_loss': float
        }
    
        for param, expected_type in required_numeric.items():
            if param not in params:
>               raise ValueError(f"Missing required parameter: {param}")
E               ValueError: Missing required parameter: position_size_pct

strategies\breakout_reset.py:46: ValueError
---------------------------- Captured stderr setup ----------------------------
2025-04-27 23:20:09,482 - utils.exchange_interface - INFO - Initialized ExchangeInterface for Live environment.
----------------------------- Captured log setup ------------------------------
INFO     utils.exchange_interface:exchange_interface.py:16 Initialized ExchangeInterface for Live environment.
_____________________________ test_get_parameters _____________________________

mock_interface = <utils.exchange_interface.MockExchangeInterface object at 0x0000016A796F9710>
symbol = 'TEST/SYMBOL'

    def test_get_parameters(mock_interface, symbol):
        """Test parameter retrieval"""
        params = {
            'lookback_period': 14,
            'volatility_multiplier': 1.5,
            'reset_threshold': 0.3,
            'stop_loss': 0.02,
            'take_profit': 0.05,
            'position_size_pct': 0.15
        }
        strategy = BreakoutResetStrategy(symbol=symbol, exchange_interface=mock_interface, **params)
    
>       retrieved_params = strategy.get_parameters()
E       AttributeError: 'BreakoutResetStrategy' object has no attribute 'get_parameters'

tests\test_breakout_reset.py:142: AttributeError
---------------------------- Captured stderr setup ----------------------------
2025-04-27 23:20:09,664 - utils.exchange_interface - INFO - Initialized ExchangeInterface for Live environment.
----------------------------- Captured log setup ------------------------------
INFO     utils.exchange_interface:exchange_interface.py:16 Initialized ExchangeInterface for Live environment.
---------------------------- Captured stderr call -----------------------------
2025-04-27 23:20:09,668 - strategies.base_strategy - INFO - Initialized BreakoutResetStrategy with params: {'lookback_period': 14, 'volatility_multiplier': 1.5, 'reset_threshold': 0.3, 'stop_loss': 0.02, 'take_profit': 0.05, 'position_size_pct': 0.15} and interface: MockExchangeInterface
2025-04-27 23:20:09,668 - strategies.breakout_reset - INFO - Initialized BreakoutResetStrategy for TEST/SYMBOL with params: {'lookback_period': 14, 'volatility_multiplier': 1.5, 'reset_threshold': 0.3, 'stop_loss': 0.02, 'take_profit': 0.05, 'position_size_pct': 0.15}
------------------------------ Captured log call ------------------------------
INFO     strategies.base_strategy:base_strategy.py:21 Initialized BreakoutResetStrategy with params: {'lookback_period': 14, 'volatility_multiplier': 1.5, 'reset_threshold': 0.3, 'stop_loss': 0.02, 'take_profit': 0.05, 'position_size_pct': 0.15} and interface: MockExchangeInterface
INFO     strategies.breakout_reset:breakout_reset.py:28 Initialized BreakoutResetStrategy for TEST/SYMBOL with params: {'lookback_period': 14, 'volatility_multiplier': 1.5, 'reset_threshold': 0.3, 'stop_loss': 0.02, 'take_profit': 0.05, 'position_size_pct': 0.15}
_________________________ test_short_position_entries _________________________

mock_interface = <utils.exchange_interface.MockExchangeInterface object at 0x0000016A79713B90>
symbol = 'TEST/SYMBOL'

    def test_short_position_entries(mock_interface, symbol):
        """Test short position entry signals"""
        # Create test data with downward breakout
        test_data = pd.DataFrame({
            'close': [100]*10 + [95, 94, 93, 92]  # Breakout below range
        })
    
>       strategy = BreakoutResetStrategy(
            symbol=symbol,
            exchange_interface=mock_interface,
            lookback_period=5,
            volatility_multiplier=1.0,
            reset_threshold=0.5
        )

tests\test_breakout_reset.py:172: 
_ _ _ _ _ _ _ _ _ _ _ _ _ _ _ _ _ _ _ _ _ _ _ _ _ _ _ _ _ _ _ _ _ _ _ _ _ _ _ _
strategies\breakout_reset.py:14: in __init__
    self.validate_parameters(params)
_ _ _ _ _ _ _ _ _ _ _ _ _ _ _ _ _ _ _ _ _ _ _ _ _ _ _ _ _ _ _ _ _ _ _ _ _ _ _ _

params = {'lookback_period': 5, 'reset_threshold': 0.5, 'volatility_multiplier': 1.0}

    @staticmethod
    def validate_parameters(params: dict) -> None:
        """Validate parameters specific to BreakoutResetStrategy."""
        required_numeric = {
            'lookback_period': int,
            'volatility_multiplier': float,
            'reset_threshold': float,
            'position_size_pct': float
        }
        optional_numeric = {
            'take_profit': float,
            'stop_loss': float
        }
    
        for param, expected_type in required_numeric.items():
            if param not in params:
>               raise ValueError(f"Missing required parameter: {param}")
E               ValueError: Missing required parameter: position_size_pct

strategies\breakout_reset.py:46: ValueError
---------------------------- Captured stderr setup ----------------------------
2025-04-27 23:20:09,688 - utils.exchange_interface - INFO - Initialized ExchangeInterface for Live environment.
----------------------------- Captured log setup ------------------------------
INFO     utils.exchange_interface:exchange_interface.py:16 Initialized ExchangeInterface for Live environment.
___________________________ test_take_profit_exits ____________________________

mock_interface = <utils.exchange_interface.MockExchangeInterface object at 0x0000016A7A855710>
symbol = 'TEST/SYMBOL'

    def test_take_profit_exits(mock_interface, symbol):
        """Test take profit exit conditions"""
        # Create test data with profitable short position
        test_data = pd.DataFrame({
            'close': [100]*10 + [95, 94, 93, 92, 91, 90, 89, 88]  # Strong downtrend
        })
    
>       strategy = BreakoutResetStrategy(
            symbol=symbol,
            exchange_interface=mock_interface,
            lookback_period=5,
            volatility_multiplier=1.0,
            reset_threshold=0.5,
            take_profit=0.05 # 5% take profit
        )

tests\test_breakout_reset.py:193: 
_ _ _ _ _ _ _ _ _ _ _ _ _ _ _ _ _ _ _ _ _ _ _ _ _ _ _ _ _ _ _ _ _ _ _ _ _ _ _ _
strategies\breakout_reset.py:14: in __init__
    self.validate_parameters(params)
_ _ _ _ _ _ _ _ _ _ _ _ _ _ _ _ _ _ _ _ _ _ _ _ _ _ _ _ _ _ _ _ _ _ _ _ _ _ _ _

params = {'lookback_period': 5, 'reset_threshold': 0.5, 'take_profit': 0.05, 'volatility_multiplier': 1.0}

    @staticmethod
    def validate_parameters(params: dict) -> None:
        """Validate parameters specific to BreakoutResetStrategy."""
        required_numeric = {
            'lookback_period': int,
            'volatility_multiplier': float,
            'reset_threshold': float,
            'position_size_pct': float
        }
        optional_numeric = {
            'take_profit': float,
            'stop_loss': float
        }
    
        for param, expected_type in required_numeric.items():
            if param not in params:
>               raise ValueError(f"Missing required parameter: {param}")
E               ValueError: Missing required parameter: position_size_pct

pytest : 2025-04-27 23:20:10,037 - 
utils.realtime_data_handler - ERROR 
- Error processing data in strategy 
BreakoutResetStrategy for BTCUSDT: 
"['timestamp'] not in index"
At line:1 char:1
+ pytest 
tests/test_breakout_reset.py > 
test_output.log 2>&1
+ ~~~~~~~~~~~~~~~~~~~~~~~~~~~~~~~~~~~
~~~~~~~~~~~~~~~~~~~~~~~
    + CategoryInfo          : NotSpe 
   cified: (2025-04-27 23:2...] not  
   in index":String) [], RemoteExc   
 eption
    + FullyQualifiedErrorId : Native 
   CommandError
 
Traceback (most recent call last):
  File "C:\Users\rob_m\Desktop\crypto
bot\utils\realtime_data_handler.py", 
line 61, in _handle_connection
    await strategy.process_realtime_d
ata(processed_data)
  File "C:\Users\rob_m\Desktop\crypto
bot\strategies\breakout_reset.py", 
line 193, in process_realtime_data
    self.data_buffer = 
pd.concat([self.data_buffer, 
new_row[required_keys]], 
ignore_index=False)
                                     
               ~~~~~~~^^^^^^^^^^^^^^^
  File "C:\Users\rob_m\Desktop\crypto
bot\venv\Lib\site-packages\pandas\cor
e\frame.py", line 3813, in 
__getitem__
    indexer = self.columns._get_index
er_strict(key, "columns")[1]
              ^^^^^^^^^^^^^^^^^^^^^^^
^^^^^^^^^^^^^^^^^^^^^^^^^
  File "C:\Users\rob_m\Desktop\crypto
bot\venv\Lib\site-packages\pandas\cor
e\indexes\base.py", line 6070, in 
_get_indexer_strict
    self._raise_if_missing(keyarr, 
indexer, axis_name)
  File "C:\Users\rob_m\Desktop\crypto
bot\venv\Lib\site-packages\pandas\cor
e\indexes\base.py", line 6133, in 
_raise_if_missing
    raise KeyError(f"{not_found} not 
in index")
KeyError: "['timestamp'] not in 
index"
2025-04-27 23:20:10,083 - 
utils.realtime_data_handler - ERROR 
- Error processing data in strategy 
BreakoutResetStrategy for ETHUSDT: 
"['timestamp'] not in index"
Traceback (most recent call last):
  File "C:\Users\rob_m\Desktop\crypto
bot\utils\realtime_data_handler.py", 
line 61, in _handle_connection
    await strategy.process_realtime_d
ata(processed_data)
  File "C:\Users\rob_m\Desktop\crypto
bot\strategies\breakout_reset.py", 
line 193, in process_realtime_data
    self.data_buffer = 
pd.concat([self.data_buffer, 
new_row[required_keys]], 
ignore_index=False)
                                     
               ~~~~~~~^^^^^^^^^^^^^^^
  File "C:\Users\rob_m\Desktop\crypto
bot\venv\Lib\site-packages\pandas\cor
e\frame.py", line 3813, in 
__getitem__
    indexer = self.columns._get_index
er_strict(key, "columns")[1]
              ^^^^^^^^^^^^^^^^^^^^^^^
^^^^^^^^^^^^^^^^^^^^^^^^^
  File "C:\Users\rob_m\Desktop\crypto
bot\venv\Lib\site-packages\pandas\cor
e\indexes\base.py", line 6070, in 
_get_indexer_strict
    self._raise_if_missing(keyarr, 
indexer, axis_name)
  File "C:\Users\rob_m\Desktop\crypto
bot\venv\Lib\site-packages\pandas\cor
e\indexes\base.py", line 6133, in 
_raise_if_missing
    raise KeyError(f"{not_found} not 
in index")
KeyError: "['timestamp'] not in 
index"
--- Logging error ---
Traceback (most recent call last):
  File "C:\Program Files\Python311\Li
b\logging\__init__.py", line 1113, 
in emit
    stream.write(msg + 
self.terminator)
ValueError: I/O operation on closed 
file.
Call stack:
  File "C:\Users\rob_m\Desktop\crypto
bot\app.py", line 234, in 
stop_handler
    logger.info("Stopping 
RealtimeDataHandler...")
Message: 'Stopping 
RealtimeDataHandler...'
Arguments: ()
--- Logging error ---
Traceback (most recent call last):
  File "C:\Program Files\Python311\Li
b\logging\__init__.py", line 1113, 
in emit
    stream.write(msg + 
self.terminator)
ValueError: I/O operation on closed 
file.
Call stack:
  File "C:\Program 
Files\Python311\Lib\threading.py", 
line 1002, in _bootstrap
    self._bootstrap_inner()
  File "C:\Program 
Files\Python311\Lib\threading.py", 
line 1045, in _bootstrap_inner
    self.run()
  File "C:\Program 
Files\Python311\Lib\threading.py", 
line 982, in run
    self._target(*self._args, 
**self._kwargs)
  File "C:\Users\rob_m\Desktop\crypto
bot\app.py", line 215, in 
run_asyncio_loop
    loop.run_until_complete(handler.s
tart(subscriptions))
  File "C:\Program Files\Python311\Li
b\asyncio\base_events.py", line 641, 
in run_until_complete
    self.run_forever()
  File "C:\Program Files\Python311\Li
b\asyncio\windows_events.py", line 
321, in run_forever
    super().run_forever()
  File "C:\Program Files\Python311\Li
b\asyncio\base_events.py", line 608, 
in run_forever
    self._run_once()
  File "C:\Program Files\Python311\Li
b\asyncio\base_events.py", line 
1936, in _run_once
    handle._run()
  File "C:\Program Files\Python311\Li
b\asyncio\events.py", line 84, in 
_run
    
self._context.run(self._callback, 
*self._args)
  File "C:\Users\rob_m\Desktop\crypto
bot\app.py", line 237, in stop_async
    await realtime_handler.stop()
  File "C:\Users\rob_m\Desktop\crypto
bot\utils\realtime_data_handler.py", 
line 130, in stop
    logger.info("Stopping 
RealtimeDataHandler...")
Message: 'Stopping 
RealtimeDataHandler...'
Arguments: ()
--- Logging error ---
Traceback (most recent call last):
  File "C:\Program Files\Python311\Li
b\logging\__init__.py", line 1113, 
in emit
    stream.write(msg + 
self.terminator)
ValueError: I/O operation on closed 
file.
Call stack:
  File "C:\Program 
Files\Python311\Lib\threading.py", 
line 1002, in _bootstrap
    self._bootstrap_inner()
  File "C:\Program 
Files\Python311\Lib\threading.py", 
line 1045, in _bootstrap_inner
    self.run()
  File "C:\Program 
Files\Python311\Lib\threading.py", 
line 982, in run
    self._target(*self._args, 
**self._kwargs)
  File "C:\Users\rob_m\Desktop\crypto
bot\app.py", line 215, in 
run_asyncio_loop
    loop.run_until_complete(handler.s
tart(subscriptions))
  File "C:\Program Files\Python311\Li
b\asyncio\base_events.py", line 641, 
in run_until_complete
    self.run_forever()
  File "C:\Program Files\Python311\Li
b\asyncio\windows_events.py", line 
321, in run_forever
    super().run_forever()
  File "C:\Program Files\Python311\Li
b\asyncio\base_events.py", line 608, 
in run_forever
    self._run_once()
  File "C:\Program Files\Python311\Li
b\asyncio\base_events.py", line 
1936, in _run_once
    handle._run()
  File "C:\Program Files\Python311\Li
b\asyncio\events.py", line 84, in 
_run
    
self._context.run(self._callback, 
*self._args)
  File "C:\Users\rob_m\Desktop\crypto
bot\app.py", line 237, in stop_async
    await realtime_handler.stop()
  File "C:\Users\rob_m\Desktop\crypto
bot\utils\realtime_data_handler.py", 
line 136, in stop
    logger.info(f"Cancelled 
WebSocket task for {symbol}")
Message: 'Cancelled WebSocket task 
for BTCUSDT'
Arguments: ()
--- Logging error ---
Traceback (most recent call last):
  File "C:\Program Files\Python311\Li
b\logging\__init__.py", line 1113, 
in emit
    stream.write(msg + 
self.terminator)
strategies\breakout_reset.py:46: ValueError
---------------------------- Captured stderr setup ----------------------------
2025-04-27 23:20:09,764 - utils.exchange_interface - INFO - Initialized ExchangeInterface for Live environment.
----------------------------- Captured log setup ------------------------------
INFO     utils.exchange_interface:exchange_interface.py:16 Initialized ExchangeInterface for Live environment.

---------- coverage: platform win32, python 3.11.9-final-0 -----------
Name                                      Stmts   Miss  Cover   Missing
-----------------------------------------------------------------------
api\response_helpers.py                      31     22    29%   7-13, 17-34, 40-45
api\routes.py                               375    316    16%   26-174, 185-255, 263-312, 322-351, 361-362, 371-456, 463-542, 549-629, 640-645, 651, 659-668, 674, 682-700
app.py                                      176     58    67%   77, 92-96, 100-104, 119-124, 163-166, 179, 192, 194, 209, 217, 234-245, 257-258, 266, 271-273, 278, 283, 287-314, 322-345, 349-355
auth\auth_service.py                        136    110    19%   21-28, 35-37, 41-45, 49, 56-68, 72-98, 104-167, 172-175, 179, 185-216
create_test_user.py                          14     14     0%   1-19
database\db.py                                9      0   100%
database\models.py                           72     10    86%   20, 23, 46, 49, 81, 84, 115, 119, 123, 127
strategies\base_strategy.py                  87     63    28%   27, 41, 49, 55-74, 86-142, 146-163
strategies\breakout_reset.py                244    198    19%   63-65, 69-79, 83-167, 172-268, 276-316, 320-379, 383-400
tests\__init__.py                             0      0   100%
tests\conftest.py                            69     50    28%   12-57, 62-64, 69-75, 83-87, 92-96, 101-102
tests\test_auth_decorators.py                57     57     0%   1-117
tests\test_auth_service.py                  232    232     0%   1-390
tests\test_backtest.py                      109    109     0%   1-288
tests\test_base_strategy.py                 112    112     0%   1-162
tests\test_breakout_reset.py                 77     23    70%   70, 90, 108-123, 145-163, 184, 205
tests\test_breakout_reset_additional.py      76     76     0%   1-210
ValueError: I/O operation on closed 
file.
Call stack:
  File "C:\Program 
Files\Python311\Lib\threading.py", 
line 1002, in _bootstrap
    self._bootstrap_inner()
  File "C:\Program 
Files\Python311\Lib\threading.py", 
line 1045, in _bootstrap_inner
    self.run()
  File "C:\Program 
Files\Python311\Lib\threading.py", 
line 982, in run
    self._target(*self._args, 
**self._kwargs)
  File "C:\Users\rob_m\Desktop\crypto
bot\app.py", line 215, in 
run_asyncio_loop
    loop.run_until_complete(handler.s
tart(subscriptions))
  File "C:\Program Files\Python311\Li
b\asyncio\base_events.py", line 641, 
in run_until_complete
    self.run_forever()
  File "C:\Program Files\Python311\Li
b\asyncio\windows_events.py", line 
321, in run_forever
    super().run_forever()
  File "C:\Program Files\Python311\Li
b\asyncio\base_events.py", line 608, 
in run_forever
    self._run_once()
  File "C:\Program Files\Python311\Li
b\asyncio\base_events.py", line 
1936, in _run_once
    handle._run()
  File "C:\Program Files\Python311\Li
b\asyncio\events.py", line 84, in 
_run
    
self._context.run(self._callback, 
*self._args)
  File "C:\Users\rob_m\Desktop\crypto
bot\app.py", line 237, in stop_async
    await realtime_handler.stop()
  File "C:\Users\rob_m\Desktop\crypto
bot\utils\realtime_data_handler.py", 
line 136, in stop
    logger.info(f"Cancelled 
WebSocket task for {symbol}")
Message: 'Cancelled WebSocket task 
for ETHUSDT'
Arguments: ()
--- Logging error ---
Traceback (most recent call last):
  File "C:\Program Files\Python311\Li
b\logging\__init__.py", line 1113, 
in emit
    stream.write(msg + 
self.terminator)
ValueError: I/O operation on closed 
file.
Call stack:
  File "C:\Program 
Files\Python311\Lib\threading.py", 
line 1002, in _bootstrap
    self._bootstrap_inner()
  File "C:\Program 
Files\Python311\Lib\threading.py", 
line 1045, in _bootstrap_inner
    self.run()
  File "C:\Program 
Files\Python311\Lib\threading.py", 
line 982, in run
    self._target(*self._args, 
**self._kwargs)
  File "C:\Users\rob_m\Desktop\crypto
bot\app.py", line 215, in 
run_asyncio_loop
    loop.run_until_complete(handler.s
tart(subscriptions))
  File "C:\Program Files\Python311\Li
b\asyncio\base_events.py", line 641, 
in run_until_complete
    self.run_forever()
  File "C:\Program Files\Python311\Li
b\asyncio\windows_events.py", line 
321, in run_forever
    super().run_forever()
  File "C:\Program Files\Python311\Li
b\asyncio\base_events.py", line 608, 
in run_forever
    self._run_once()
tests\test_exchange_clients.py               76     76     0%   1-138
tests\test_exchange_interface.py            134    134     0%   1-178
tests\test_integration.py                    91     91     0%   1-186
tests\test_mean_reversion.py                135    135     0%   1-330
tests\test_models.py                         76     76     0%   1-145
tests\test_performance_metrics.py            71     71     0%   1-143
tests\test_routes.py                        418    418     0%   1-1147
tests\test_strategy_endpoints.py             50     50     0%   1-124
tests\test_strategy_execution.py            110    110     0%   1-178
tests\test_trades.py                         34     34     0%   1-79
utils\backtest.py                           147    132    10%   23-34, 38-79, 83, 87-236
utils\exchange_clients.py                    24     17    29%   8, 12, 16, 23-47
utils\exchange_interface.py                 289    243    16%   33, 46, 59, 71, 83, 95-123, 126-131, 134-138, 141-144, 147-151, 154-208, 212, 216-221, 228-252, 255-275, 278-299, 302-323, 326-347, 350-363, 366-429, 433-447, 451-456
utils\performance_metrics.py                 67     58    13%   19-36, 51-60, 75-92, 105-127, 139-148, 161-191
utils\realtime_data_handler.py               96     50    48%   38-86, 98-102, 107-108, 122, 126, 130-139
-----------------------------------------------------------------------
TOTAL                                      3694   3145    15%

=========================== short test summary info ===========================
FAILED tests\test_breakout_reset.py::test_exit_conditions - ValueError: Missi...
FAILED tests\test_breakout_reset.py::test_entry_signals - ValueError: Missing...
FAILED tests\test_breakout_reset.py::test_volatility_calculation - ValueError...
FAILED tests\test_breakout_reset.py::test_get_parameters - AttributeError: 'B...
FAILED tests\test_breakout_reset.py::test_short_position_entries - ValueError...
FAILED tests\test_breakout_reset.py::test_take_profit_exits - ValueError: Mis...
========================= 6 failed, 1 passed in 2.30s =========================
  File "C:\Program Files\Python311\Li
b\asyncio\base_events.py", line 
1936, in _run_once
    handle._run()
  File "C:\Program Files\Python311\Li
b\asyncio\events.py", line 84, in 
_run
    
self._context.run(self._callback, 
*self._args)
  File "C:\Users\rob_m\Desktop\crypto
bot\app.py", line 237, in stop_async
    await realtime_handler.stop()
  File "C:\Users\rob_m\Desktop\crypto
bot\utils\realtime_data_handler.py", 
line 139, in stop
    logger.info("RealtimeDataHandler 
stopped successfully.")
Message: 'RealtimeDataHandler 
stopped successfully.'
Arguments: ()
--- Logging error ---
Traceback (most recent call last):
  File "C:\Program Files\Python311\Li
b\logging\__init__.py", line 1113, 
in emit
    stream.write(msg + 
self.terminator)
ValueError: I/O operation on closed 
file.
Call stack:
  File "C:\Users\rob_m\Desktop\crypto
bot\app.py", line 243, in 
stop_handler
    logger.info("RealtimeDataHandler 
stopped successfully.")
Message: 'RealtimeDataHandler 
stopped successfully.'
Arguments: ()
